Log file added for testing
